
Memory Configuration

Name             Origin             Length             Attributes
*default*        0x0000000000000000 0xffffffffffffffff

Linker script and memory map

LOAD /tmp/ccjSgEy2.o
LOAD /tmp/ccmOIp8Z.o

.memory         0x0000000000000000      0x764
                0x0000000000000000                . = 0x0
 *(.init)
 .init          0x0000000000000000      0x4c4 /tmp/ccjSgEy2.o
 *(.text)
 .text          0x00000000000004c4        0x0 /tmp/ccjSgEy2.o
 .text          0x00000000000004c4      0x288 /tmp/ccmOIp8Z.o
                0x0000000000000524                irq
                0x000000000000055c                main
 *(*)
 .data          0x000000000000074c        0x0 /tmp/ccjSgEy2.o
 .bss           0x000000000000074c        0x0 /tmp/ccjSgEy2.o
 .data          0x000000000000074c        0x0 /tmp/ccmOIp8Z.o
 .bss           0x000000000000074c        0x0 /tmp/ccmOIp8Z.o
 .sbss          0x000000000000074c        0x4 /tmp/ccmOIp8Z.o
                0x000000000000074c                selector
 .comment       0x0000000000000750       0x11 /tmp/ccmOIp8Z.o
                                         0x12 (size before relaxing)
                0x0000000000000764                . = ALIGN (0x4)
 *fill*         0x0000000000000761        0x3 
                0x0000000000000764                end = .
LOAD /opt/riscv32i/lib/gcc/riscv32-unknown-elf/8.2.0/libgcc.a
OUTPUT(firmware.elf elf32-littleriscv)
